✨ Pixi task (build_pyreduce): pip install git+https://github.com/jc211/pysegreduce.git
Error:   × Cannot install environment 'default'
  ╰─▶ Wheel: drake-1.37.0-cp311-cp311-manylinux_2_35_x86_64.whl doesn't match this systems virtual
      capabilities for tags: cp311-cp311-manylinux_2_31_x86_64
      cp311-cp311-manylinux_2_30_x86_64
      cp311-cp311-manylinux_2_29_x86_64
      cp311-cp311-manylinux_2_28_x86_64
      cp311-cp311-manylinux_2_27_x86_64
      cp311-cp311-manylinux_2_26_x86_64
      cp311-cp311-manylinux_2_25_x86_64
      cp311-cp311-manylinux_2_24_x86_64
      cp311-cp311-manylinux_2_23_x86_64
      cp311-cp311-manylinux_2_22_x86_64
      cp311-cp311-manylinux_2_21_x86_64
      cp311-cp311-manylinux_2_20_x86_64
      cp311-cp311-manylinux_2_19_x86_64
      cp311-cp311-manylinux_2_18_x86_64
      cp311-cp311-manylinux_2_17_x86_64
      cp311-cp311-manylinux2014_x86_64
      cp311-cp311-manylinux_2_16_x86_64
      cp311-cp311-manylinux_2_15_x86_64
      cp311-cp311-manylinux_2_14_x86_64
      cp311-cp311-manylinux_2_13_x86_64
      cp311-cp311-manylinux_2_12_x86_64
      cp311-cp311-manylinux2010_x86_64
      cp311-cp311-manylinux_2_11_x86_64
      cp311-cp311-manylinux_2_10_x86_64
      cp311-cp311-manylinux_2_9_x86_64
      cp311-cp311-manylinux_2_8_x86_64
      cp311-cp311-manylinux_2_7_x86_64
      cp311-cp311-manylinux_2_6_x86_64
      cp311-cp311-manylinux_2_5_x86_64
      cp311-cp311-manylinux1_x86_64
      cp311-cp311-linux_x86_64
      cp311-abi3-manylinux_2_31_x86_64
      cp311-abi3-manylinux_2_30_x86_64
      cp311-abi3-manylinux_2_29_x86_64
      cp311-abi3-manylinux_2_28_x86_64
      cp311-abi3-manylinux_2_27_x86_64
      cp311-abi3-manylinux_2_26_x86_64
      cp311-abi3-manylinux_2_25_x86_64
      cp311-abi3-manylinux_2_24_x86_64
      cp311-abi3-manylinux_2_23_x86_64
      cp311-abi3-manylinux_2_22_x86_64
      cp311-abi3-manylinux_2_21_x86_64
      cp311-abi3-manylinux_2_20_x86_64
      cp311-abi3-manylinux_2_19_x86_64
      cp311-abi3-manylinux_2_18_x86_64
      cp311-abi3-manylinux_2_17_x86_64
      cp311-abi3-manylinux2014_x86_64
      cp311-abi3-manylinux_2_16_x86_64
      cp311-abi3-manylinux_2_15_x86_64
      cp311-abi3-manylinux_2_14_x86_64
      cp311-abi3-manylinux_2_13_x86_64
      cp311-abi3-manylinux_2_12_x86_64
      cp311-abi3-manylinux2010_x86_64
      cp311-abi3-manylinux_2_11_x86_64
      cp311-abi3-manylinux_2_10_x86_64
      cp311-abi3-manylinux_2_9_x86_64
      cp311-abi3-manylinux_2_8_x86_64
      cp311-abi3-manylinux_2_7_x86_64
      cp311-abi3-manylinux_2_6_x86_64
      cp311-abi3-manylinux_2_5_x86_64
      cp311-abi3-manylinux1_x86_64
      cp311-abi3-linux_x86_64
      cp311-none-manylinux_2_31_x86_64
      cp311-none-manylinux_2_30_x86_64
      cp311-none-manylinux_2_29_x86_64
      cp311-none-manylinux_2_28_x86_64
      cp311-none-manylinux_2_27_x86_64
      cp311-none-manylinux_2_26_x86_64
      cp311-none-manylinux_2_25_x86_64
      cp311-none-manylinux_2_24_x86_64
      cp311-none-manylinux_2_23_x86_64
      cp311-none-manylinux_2_22_x86_64
      cp311-none-manylinux_2_21_x86_64
      cp311-none-manylinux_2_20_x86_64
      cp311-none-manylinux_2_19_x86_64
      cp311-none-manylinux_2_18_x86_64
      cp311-none-manylinux_2_17_x86_64
      cp311-none-manylinux2014_x86_64
      cp311-none-manylinux_2_16_x86_64
      cp311-none-manylinux_2_15_x86_64
      cp311-none-manylinux_2_14_x86_64
      cp311-none-manylinux_2_13_x86_64
      cp311-none-manylinux_2_12_x86_64
      cp311-none-manylinux2010_x86_64
      cp311-none-manylinux_2_11_x86_64
      cp311-none-manylinux_2_10_x86_64
      cp311-none-manylinux_2_9_x86_64
      cp311-none-manylinux_2_8_x86_64
      cp311-none-manylinux_2_7_x86_64
      cp311-none-manylinux_2_6_x86_64
      cp311-none-manylinux_2_5_x86_64
      cp311-none-manylinux1_x86_64
      cp311-none-linux_x86_64
      cp310-abi3-manylinux_2_31_x86_64
      cp310-abi3-manylinux_2_30_x86_64
      cp310-abi3-manylinux_2_29_x86_64
      cp310-abi3-manylinux_2_28_x86_64
      cp310-abi3-manylinux_2_27_x86_64
      cp310-abi3-manylinux_2_26_x86_64
      cp310-abi3-manylinux_2_25_x86_64
      cp310-abi3-manylinux_2_24_x86_64
      cp310-abi3-manylinux_2_23_x86_64
      cp310-abi3-manylinux_2_22_x86_64
      cp310-abi3-manylinux_2_21_x86_64
      cp310-abi3-manylinux_2_20_x86_64
      cp310-abi3-manylinux_2_19_x86_64
      cp310-abi3-manylinux_2_18_x86_64
      cp310-abi3-manylinux_2_17_x86_64
      cp310-abi3-manylinux2014_x86_64
      cp310-abi3-manylinux_2_16_x86_64
      cp310-abi3-manylinux_2_15_x86_64
      cp310-abi3-manylinux_2_14_x86_64
      cp310-abi3-manylinux_2_13_x86_64
      cp310-abi3-manylinux_2_12_x86_64
      cp310-abi3-manylinux2010_x86_64
      cp310-abi3-manylinux_2_11_x86_64
      cp310-abi3-manylinux_2_10_x86_64
      cp310-abi3-manylinux_2_9_x86_64
      cp310-abi3-manylinux_2_8_x86_64
      cp310-abi3-manylinux_2_7_x86_64
      cp310-abi3-manylinux_2_6_x86_64
      cp310-abi3-manylinux_2_5_x86_64
      cp310-abi3-manylinux1_x86_64
      cp310-abi3-linux_x86_64
      cp39-abi3-manylinux_2_31_x86_64
      cp39-abi3-manylinux_2_30_x86_64
      cp39-abi3-manylinux_2_29_x86_64
      cp39-abi3-manylinux_2_28_x86_64
      cp39-abi3-manylinux_2_27_x86_64
      cp39-abi3-manylinux_2_26_x86_64
      cp39-abi3-manylinux_2_25_x86_64
      cp39-abi3-manylinux_2_24_x86_64
      cp39-abi3-manylinux_2_23_x86_64
      cp39-abi3-manylinux_2_22_x86_64
      cp39-abi3-manylinux_2_21_x86_64
      cp39-abi3-manylinux_2_20_x86_64
      cp39-abi3-manylinux_2_19_x86_64
      cp39-abi3-manylinux_2_18_x86_64
      cp39-abi3-manylinux_2_17_x86_64
      cp39-abi3-manylinux2014_x86_64
      cp39-abi3-manylinux_2_16_x86_64
      cp39-abi3-manylinux_2_15_x86_64
      cp39-abi3-manylinux_2_14_x86_64
      cp39-abi3-manylinux_2_13_x86_64
      cp39-abi3-manylinux_2_12_x86_64
      cp39-abi3-manylinux2010_x86_64
      cp39-abi3-manylinux_2_11_x86_64
      cp39-abi3-manylinux_2_10_x86_64
      cp39-abi3-manylinux_2_9_x86_64
      cp39-abi3-manylinux_2_8_x86_64
      cp39-abi3-manylinux_2_7_x86_64
      cp39-abi3-manylinux_2_6_x86_64
      cp39-abi3-manylinux_2_5_x86_64
      cp39-abi3-manylinux1_x86_64
      cp39-abi3-linux_x86_64
      cp38-abi3-manylinux_2_31_x86_64
      cp38-abi3-manylinux_2_30_x86_64
      cp38-abi3-manylinux_2_29_x86_64
      cp38-abi3-manylinux_2_28_x86_64
      cp38-abi3-manylinux_2_27_x86_64
      cp38-abi3-manylinux_2_26_x86_64
      cp38-abi3-manylinux_2_25_x86_64
      cp38-abi3-manylinux_2_24_x86_64
      cp38-abi3-manylinux_2_23_x86_64
      cp38-abi3-manylinux_2_22_x86_64
      cp38-abi3-manylinux_2_21_x86_64
      cp38-abi3-manylinux_2_20_x86_64
      cp38-abi3-manylinux_2_19_x86_64
      cp38-abi3-manylinux_2_18_x86_64
      cp38-abi3-manylinux_2_17_x86_64
      cp38-abi3-manylinux2014_x86_64
      cp38-abi3-manylinux_2_16_x86_64
      cp38-abi3-manylinux_2_15_x86_64
      cp38-abi3-manylinux_2_14_x86_64
      cp38-abi3-manylinux_2_13_x86_64
      cp38-abi3-manylinux_2_12_x86_64
      cp38-abi3-manylinux2010_x86_64
      cp38-abi3-manylinux_2_11_x86_64
      cp38-abi3-manylinux_2_10_x86_64
      cp38-abi3-manylinux_2_9_x86_64
      cp38-abi3-manylinux_2_8_x86_64
      cp38-abi3-manylinux_2_7_x86_64
      cp38-abi3-manylinux_2_6_x86_64
      cp38-abi3-manylinux_2_5_x86_64
      cp38-abi3-manylinux1_x86_64
      cp38-abi3-linux_x86_64
      cp37-abi3-manylinux_2_31_x86_64
      cp37-abi3-manylinux_2_30_x86_64
      cp37-abi3-manylinux_2_29_x86_64
      cp37-abi3-manylinux_2_28_x86_64
      cp37-abi3-manylinux_2_27_x86_64
      cp37-abi3-manylinux_2_26_x86_64
      cp37-abi3-manylinux_2_25_x86_64
      cp37-abi3-manylinux_2_24_x86_64
      cp37-abi3-manylinux_2_23_x86_64
      cp37-abi3-manylinux_2_22_x86_64
      cp37-abi3-manylinux_2_21_x86_64
      cp37-abi3-manylinux_2_20_x86_64
      cp37-abi3-manylinux_2_19_x86_64
      cp37-abi3-manylinux_2_18_x86_64
      cp37-abi3-manylinux_2_17_x86_64
      cp37-abi3-manylinux2014_x86_64
      cp37-abi3-manylinux_2_16_x86_64
      cp37-abi3-manylinux_2_15_x86_64
      cp37-abi3-manylinux_2_14_x86_64
      cp37-abi3-manylinux_2_13_x86_64
      cp37-abi3-manylinux_2_12_x86_64
      cp37-abi3-manylinux2010_x86_64
      cp37-abi3-manylinux_2_11_x86_64
      cp37-abi3-manylinux_2_10_x86_64
      cp37-abi3-manylinux_2_9_x86_64
      cp37-abi3-manylinux_2_8_x86_64
      cp37-abi3-manylinux_2_7_x86_64
      cp37-abi3-manylinux_2_6_x86_64
      cp37-abi3-manylinux_2_5_x86_64
      cp37-abi3-manylinux1_x86_64
      cp37-abi3-linux_x86_64
      cp36-abi3-manylinux_2_31_x86_64
      cp36-abi3-manylinux_2_30_x86_64
      cp36-abi3-manylinux_2_29_x86_64
      cp36-abi3-manylinux_2_28_x86_64
      cp36-abi3-manylinux_2_27_x86_64
      cp36-abi3-manylinux_2_26_x86_64
      cp36-abi3-manylinux_2_25_x86_64
      cp36-abi3-manylinux_2_24_x86_64
      cp36-abi3-manylinux_2_23_x86_64
      cp36-abi3-manylinux_2_22_x86_64
      cp36-abi3-manylinux_2_21_x86_64
      cp36-abi3-manylinux_2_20_x86_64
      cp36-abi3-manylinux_2_19_x86_64
      cp36-abi3-manylinux_2_18_x86_64
      cp36-abi3-manylinux_2_17_x86_64
      cp36-abi3-manylinux2014_x86_64
      cp36-abi3-manylinux_2_16_x86_64
      cp36-abi3-manylinux_2_15_x86_64
      cp36-abi3-manylinux_2_14_x86_64
      cp36-abi3-manylinux_2_13_x86_64
      cp36-abi3-manylinux_2_12_x86_64
      cp36-abi3-manylinux2010_x86_64
      cp36-abi3-manylinux_2_11_x86_64
      cp36-abi3-manylinux_2_10_x86_64
      cp36-abi3-manylinux_2_9_x86_64
      cp36-abi3-manylinux_2_8_x86_64
      cp36-abi3-manylinux_2_7_x86_64
      cp36-abi3-manylinux_2_6_x86_64
      cp36-abi3-manylinux_2_5_x86_64
      cp36-abi3-manylinux1_x86_64
      cp36-abi3-linux_x86_64
      cp35-abi3-manylinux_2_31_x86_64
      cp35-abi3-manylinux_2_30_x86_64
      cp35-abi3-manylinux_2_29_x86_64
      cp35-abi3-manylinux_2_28_x86_64
      cp35-abi3-manylinux_2_27_x86_64
      cp35-abi3-manylinux_2_26_x86_64
      cp35-abi3-manylinux_2_25_x86_64
      cp35-abi3-manylinux_2_24_x86_64
      cp35-abi3-manylinux_2_23_x86_64
      cp35-abi3-manylinux_2_22_x86_64
      cp35-abi3-manylinux_2_21_x86_64
      cp35-abi3-manylinux_2_20_x86_64
      cp35-abi3-manylinux_2_19_x86_64
      cp35-abi3-manylinux_2_18_x86_64
      cp35-abi3-manylinux_2_17_x86_64
      cp35-abi3-manylinux2014_x86_64
      cp35-abi3-manylinux_2_16_x86_64
      cp35-abi3-manylinux_2_15_x86_64
      cp35-abi3-manylinux_2_14_x86_64
      cp35-abi3-manylinux_2_13_x86_64
      cp35-abi3-manylinux_2_12_x86_64
      cp35-abi3-manylinux2010_x86_64
      cp35-abi3-manylinux_2_11_x86_64
      cp35-abi3-manylinux_2_10_x86_64
      cp35-abi3-manylinux_2_9_x86_64
      cp35-abi3-manylinux_2_8_x86_64
      cp35-abi3-manylinux_2_7_x86_64
      cp35-abi3-manylinux_2_6_x86_64
      cp35-abi3-manylinux_2_5_x86_64
      cp35-abi3-manylinux1_x86_64
      cp35-abi3-linux_x86_64
      cp34-abi3-manylinux_2_31_x86_64
      cp34-abi3-manylinux_2_30_x86_64
      cp34-abi3-manylinux_2_29_x86_64
      cp34-abi3-manylinux_2_28_x86_64
      cp34-abi3-manylinux_2_27_x86_64
      cp34-abi3-manylinux_2_26_x86_64
      cp34-abi3-manylinux_2_25_x86_64
      cp34-abi3-manylinux_2_24_x86_64
      cp34-abi3-manylinux_2_23_x86_64
      cp34-abi3-manylinux_2_22_x86_64
      cp34-abi3-manylinux_2_21_x86_64
      cp34-abi3-manylinux_2_20_x86_64
      cp34-abi3-manylinux_2_19_x86_64
      cp34-abi3-manylinux_2_18_x86_64
      cp34-abi3-manylinux_2_17_x86_64
      cp34-abi3-manylinux2014_x86_64
      cp34-abi3-manylinux_2_16_x86_64
      cp34-abi3-manylinux_2_15_x86_64
      cp34-abi3-manylinux_2_14_x86_64
      cp34-abi3-manylinux_2_13_x86_64
      cp34-abi3-manylinux_2_12_x86_64
      cp34-abi3-manylinux2010_x86_64
      cp34-abi3-manylinux_2_11_x86_64
      cp34-abi3-manylinux_2_10_x86_64
      cp34-abi3-manylinux_2_9_x86_64
      cp34-abi3-manylinux_2_8_x86_64
      cp34-abi3-manylinux_2_7_x86_64
      cp34-abi3-manylinux_2_6_x86_64
      cp34-abi3-manylinux_2_5_x86_64
      cp34-abi3-manylinux1_x86_64
      cp34-abi3-linux_x86_64
      cp33-abi3-manylinux_2_31_x86_64
      cp33-abi3-manylinux_2_30_x86_64
      cp33-abi3-manylinux_2_29_x86_64
      cp33-abi3-manylinux_2_28_x86_64
      cp33-abi3-manylinux_2_27_x86_64
      cp33-abi3-manylinux_2_26_x86_64
      cp33-abi3-manylinux_2_25_x86_64
      cp33-abi3-manylinux_2_24_x86_64
      cp33-abi3-manylinux_2_23_x86_64
      cp33-abi3-manylinux_2_22_x86_64
      cp33-abi3-manylinux_2_21_x86_64
      cp33-abi3-manylinux_2_20_x86_64
      cp33-abi3-manylinux_2_19_x86_64
      cp33-abi3-manylinux_2_18_x86_64
      cp33-abi3-manylinux_2_17_x86_64
      cp33-abi3-manylinux2014_x86_64
      cp33-abi3-manylinux_2_16_x86_64
      cp33-abi3-manylinux_2_15_x86_64
      cp33-abi3-manylinux_2_14_x86_64
      cp33-abi3-manylinux_2_13_x86_64
      cp33-abi3-manylinux_2_12_x86_64
      cp33-abi3-manylinux2010_x86_64
      cp33-abi3-manylinux_2_11_x86_64
      cp33-abi3-manylinux_2_10_x86_64
      cp33-abi3-manylinux_2_9_x86_64
      cp33-abi3-manylinux_2_8_x86_64
      cp33-abi3-manylinux_2_7_x86_64
      cp33-abi3-manylinux_2_6_x86_64
      cp33-abi3-manylinux_2_5_x86_64
      cp33-abi3-manylinux1_x86_64
      cp33-abi3-linux_x86_64
      cp32-abi3-manylinux_2_31_x86_64
      cp32-abi3-manylinux_2_30_x86_64
      cp32-abi3-manylinux_2_29_x86_64
      cp32-abi3-manylinux_2_28_x86_64
      cp32-abi3-manylinux_2_27_x86_64
      cp32-abi3-manylinux_2_26_x86_64
      cp32-abi3-manylinux_2_25_x86_64
      cp32-abi3-manylinux_2_24_x86_64
      cp32-abi3-manylinux_2_23_x86_64
      cp32-abi3-manylinux_2_22_x86_64
      cp32-abi3-manylinux_2_21_x86_64
      cp32-abi3-manylinux_2_20_x86_64
      cp32-abi3-manylinux_2_19_x86_64
      cp32-abi3-manylinux_2_18_x86_64
      cp32-abi3-manylinux_2_17_x86_64
      cp32-abi3-manylinux2014_x86_64
      cp32-abi3-manylinux_2_16_x86_64
      cp32-abi3-manylinux_2_15_x86_64
      cp32-abi3-manylinux_2_14_x86_64
      cp32-abi3-manylinux_2_13_x86_64
      cp32-abi3-manylinux_2_12_x86_64
      cp32-abi3-manylinux2010_x86_64
      cp32-abi3-manylinux_2_11_x86_64
      cp32-abi3-manylinux_2_10_x86_64
      cp32-abi3-manylinux_2_9_x86_64
      cp32-abi3-manylinux_2_8_x86_64
      cp32-abi3-manylinux_2_7_x86_64
      cp32-abi3-manylinux_2_6_x86_64
      cp32-abi3-manylinux_2_5_x86_64
      cp32-abi3-manylinux1_x86_64
      cp32-abi3-linux_x86_64
      py311-none-manylinux_2_31_x86_64
      py311-none-manylinux_2_30_x86_64
      py311-none-manylinux_2_29_x86_64
      py311-none-manylinux_2_28_x86_64
      py311-none-manylinux_2_27_x86_64
      py311-none-manylinux_2_26_x86_64
      py311-none-manylinux_2_25_x86_64
      py311-none-manylinux_2_24_x86_64
      py311-none-manylinux_2_23_x86_64
      py311-none-manylinux_2_22_x86_64
      py311-none-manylinux_2_21_x86_64
      py311-none-manylinux_2_20_x86_64
      py311-none-manylinux_2_19_x86_64
      py311-none-manylinux_2_18_x86_64
      py311-none-manylinux_2_17_x86_64
      py311-none-manylinux2014_x86_64
      py311-none-manylinux_2_16_x86_64
      py311-none-manylinux_2_15_x86_64
      py311-none-manylinux_2_14_x86_64
      py311-none-manylinux_2_13_x86_64
      py311-none-manylinux_2_12_x86_64
      py311-none-manylinux2010_x86_64
      py311-none-manylinux_2_11_x86_64
      py311-none-manylinux_2_10_x86_64
      py311-none-manylinux_2_9_x86_64
      py311-none-manylinux_2_8_x86_64
      py311-none-manylinux_2_7_x86_64
      py311-none-manylinux_2_6_x86_64
      py311-none-manylinux_2_5_x86_64
      py311-none-manylinux1_x86_64
      py311-none-linux_x86_64
      py3-none-manylinux_2_31_x86_64
      py3-none-manylinux_2_30_x86_64
      py3-none-manylinux_2_29_x86_64
      py3-none-manylinux_2_28_x86_64
      py3-none-manylinux_2_27_x86_64
      py3-none-manylinux_2_26_x86_64
      py3-none-manylinux_2_25_x86_64
      py3-none-manylinux_2_24_x86_64
      py3-none-manylinux_2_23_x86_64
      py3-none-manylinux_2_22_x86_64
      py3-none-manylinux_2_21_x86_64
      py3-none-manylinux_2_20_x86_64
      py3-none-manylinux_2_19_x86_64
      py3-none-manylinux_2_18_x86_64
      py3-none-manylinux_2_17_x86_64
      py3-none-manylinux2014_x86_64
      py3-none-manylinux_2_16_x86_64
      py3-none-manylinux_2_15_x86_64
      py3-none-manylinux_2_14_x86_64
      py3-none-manylinux_2_13_x86_64
      py3-none-manylinux_2_12_x86_64
      py3-none-manylinux2010_x86_64
      py3-none-manylinux_2_11_x86_64
      py3-none-manylinux_2_10_x86_64
      py3-none-manylinux_2_9_x86_64
      py3-none-manylinux_2_8_x86_64
      py3-none-manylinux_2_7_x86_64
      py3-none-manylinux_2_6_x86_64
      py3-none-manylinux_2_5_x86_64
      py3-none-manylinux1_x86_64
      py3-none-linux_x86_64
      py310-none-manylinux_2_31_x86_64
      py310-none-manylinux_2_30_x86_64
      py310-none-manylinux_2_29_x86_64
      py310-none-manylinux_2_28_x86_64
      py310-none-manylinux_2_27_x86_64
      py310-none-manylinux_2_26_x86_64
      py310-none-manylinux_2_25_x86_64
      py310-none-manylinux_2_24_x86_64
      py310-none-manylinux_2_23_x86_64
      py310-none-manylinux_2_22_x86_64
      py310-none-manylinux_2_21_x86_64
      py310-none-manylinux_2_20_x86_64
      py310-none-manylinux_2_19_x86_64
      py310-none-manylinux_2_18_x86_64
      py310-none-manylinux_2_17_x86_64
      py310-none-manylinux2014_x86_64
      py310-none-manylinux_2_16_x86_64
      py310-none-manylinux_2_15_x86_64
      py310-none-manylinux_2_14_x86_64
      py310-none-manylinux_2_13_x86_64
      py310-none-manylinux_2_12_x86_64
      py310-none-manylinux2010_x86_64
      py310-none-manylinux_2_11_x86_64
      py310-none-manylinux_2_10_x86_64
      py310-none-manylinux_2_9_x86_64
      py310-none-manylinux_2_8_x86_64
      py310-none-manylinux_2_7_x86_64
      py310-none-manylinux_2_6_x86_64
      py310-none-manylinux_2_5_x86_64
      py310-none-manylinux1_x86_64
      py310-none-linux_x86_64
      py39-none-manylinux_2_31_x86_64
      py39-none-manylinux_2_30_x86_64
      py39-none-manylinux_2_29_x86_64
      py39-none-manylinux_2_28_x86_64
      py39-none-manylinux_2_27_x86_64
      py39-none-manylinux_2_26_x86_64
      py39-none-manylinux_2_25_x86_64
      py39-none-manylinux_2_24_x86_64
      py39-none-manylinux_2_23_x86_64
      py39-none-manylinux_2_22_x86_64
      py39-none-manylinux_2_21_x86_64
      py39-none-manylinux_2_20_x86_64
      py39-none-manylinux_2_19_x86_64
      py39-none-manylinux_2_18_x86_64
      py39-none-manylinux_2_17_x86_64
      py39-none-manylinux2014_x86_64
      py39-none-manylinux_2_16_x86_64
      py39-none-manylinux_2_15_x86_64
      py39-none-manylinux_2_14_x86_64
      py39-none-manylinux_2_13_x86_64
      py39-none-manylinux_2_12_x86_64
      py39-none-manylinux2010_x86_64
      py39-none-manylinux_2_11_x86_64
      py39-none-manylinux_2_10_x86_64
      py39-none-manylinux_2_9_x86_64
      py39-none-manylinux_2_8_x86_64
      py39-none-manylinux_2_7_x86_64
      py39-none-manylinux_2_6_x86_64
      py39-none-manylinux_2_5_x86_64
      py39-none-manylinux1_x86_64
      py39-none-linux_x86_64
      py38-none-manylinux_2_31_x86_64
      py38-none-manylinux_2_30_x86_64
      py38-none-manylinux_2_29_x86_64
      py38-none-manylinux_2_28_x86_64
      py38-none-manylinux_2_27_x86_64
      py38-none-manylinux_2_26_x86_64
      py38-none-manylinux_2_25_x86_64
      py38-none-manylinux_2_24_x86_64
      py38-none-manylinux_2_23_x86_64
      py38-none-manylinux_2_22_x86_64
      py38-none-manylinux_2_21_x86_64
      py38-none-manylinux_2_20_x86_64
      py38-none-manylinux_2_19_x86_64
      py38-none-manylinux_2_18_x86_64
      py38-none-manylinux_2_17_x86_64
      py38-none-manylinux2014_x86_64
      py38-none-manylinux_2_16_x86_64
      py38-none-manylinux_2_15_x86_64
      py38-none-manylinux_2_14_x86_64
      py38-none-manylinux_2_13_x86_64
      py38-none-manylinux_2_12_x86_64
      py38-none-manylinux2010_x86_64
      py38-none-manylinux_2_11_x86_64
      py38-none-manylinux_2_10_x86_64
      py38-none-manylinux_2_9_x86_64
      py38-none-manylinux_2_8_x86_64
      py38-none-manylinux_2_7_x86_64
      py38-none-manylinux_2_6_x86_64
      py38-none-manylinux_2_5_x86_64
      py38-none-manylinux1_x86_64
      py38-none-linux_x86_64
      py37-none-manylinux_2_31_x86_64
      py37-none-manylinux_2_30_x86_64
      py37-none-manylinux_2_29_x86_64
      py37-none-manylinux_2_28_x86_64
      py37-none-manylinux_2_27_x86_64
      py37-none-manylinux_2_26_x86_64
      py37-none-manylinux_2_25_x86_64
      py37-none-manylinux_2_24_x86_64
      py37-none-manylinux_2_23_x86_64
      py37-none-manylinux_2_22_x86_64
      py37-none-manylinux_2_21_x86_64
      py37-none-manylinux_2_20_x86_64
      py37-none-manylinux_2_19_x86_64
      py37-none-manylinux_2_18_x86_64
      py37-none-manylinux_2_17_x86_64
      py37-none-manylinux2014_x86_64
      py37-none-manylinux_2_16_x86_64
      py37-none-manylinux_2_15_x86_64
      py37-none-manylinux_2_14_x86_64
      py37-none-manylinux_2_13_x86_64
      py37-none-manylinux_2_12_x86_64
      py37-none-manylinux2010_x86_64
      py37-none-manylinux_2_11_x86_64
      py37-none-manylinux_2_10_x86_64
      py37-none-manylinux_2_9_x86_64
      py37-none-manylinux_2_8_x86_64
      py37-none-manylinux_2_7_x86_64
      py37-none-manylinux_2_6_x86_64
      py37-none-manylinux_2_5_x86_64
      py37-none-manylinux1_x86_64
      py37-none-linux_x86_64
      py36-none-manylinux_2_31_x86_64
      py36-none-manylinux_2_30_x86_64
      py36-none-manylinux_2_29_x86_64
      py36-none-manylinux_2_28_x86_64
      py36-none-manylinux_2_27_x86_64
      py36-none-manylinux_2_26_x86_64
      py36-none-manylinux_2_25_x86_64
      py36-none-manylinux_2_24_x86_64
      py36-none-manylinux_2_23_x86_64
      py36-none-manylinux_2_22_x86_64
      py36-none-manylinux_2_21_x86_64
      py36-none-manylinux_2_20_x86_64
      py36-none-manylinux_2_19_x86_64
      py36-none-manylinux_2_18_x86_64
      py36-none-manylinux_2_17_x86_64
      py36-none-manylinux2014_x86_64
      py36-none-manylinux_2_16_x86_64
      py36-none-manylinux_2_15_x86_64
      py36-none-manylinux_2_14_x86_64
      py36-none-manylinux_2_13_x86_64
      py36-none-manylinux_2_12_x86_64
      py36-none-manylinux2010_x86_64
      py36-none-manylinux_2_11_x86_64
      py36-none-manylinux_2_10_x86_64
      py36-none-manylinux_2_9_x86_64
      py36-none-manylinux_2_8_x86_64
      py36-none-manylinux_2_7_x86_64
      py36-none-manylinux_2_6_x86_64
      py36-none-manylinux_2_5_x86_64
      py36-none-manylinux1_x86_64
      py36-none-linux_x86_64
      py35-none-manylinux_2_31_x86_64
      py35-none-manylinux_2_30_x86_64
      py35-none-manylinux_2_29_x86_64
      py35-none-manylinux_2_28_x86_64
      py35-none-manylinux_2_27_x86_64
      py35-none-manylinux_2_26_x86_64
      py35-none-manylinux_2_25_x86_64
      py35-none-manylinux_2_24_x86_64
      py35-none-manylinux_2_23_x86_64
      py35-none-manylinux_2_22_x86_64
      py35-none-manylinux_2_21_x86_64
      py35-none-manylinux_2_20_x86_64
      py35-none-manylinux_2_19_x86_64
      py35-none-manylinux_2_18_x86_64
      py35-none-manylinux_2_17_x86_64
      py35-none-manylinux2014_x86_64
      py35-none-manylinux_2_16_x86_64
      py35-none-manylinux_2_15_x86_64
      py35-none-manylinux_2_14_x86_64
      py35-none-manylinux_2_13_x86_64
      py35-none-manylinux_2_12_x86_64
      py35-none-manylinux2010_x86_64
      py35-none-manylinux_2_11_x86_64
      py35-none-manylinux_2_10_x86_64
      py35-none-manylinux_2_9_x86_64
      py35-none-manylinux_2_8_x86_64
      py35-none-manylinux_2_7_x86_64
      py35-none-manylinux_2_6_x86_64
      py35-none-manylinux_2_5_x86_64
      py35-none-manylinux1_x86_64
      py35-none-linux_x86_64
      py34-none-manylinux_2_31_x86_64
      py34-none-manylinux_2_30_x86_64
      py34-none-manylinux_2_29_x86_64
      py34-none-manylinux_2_28_x86_64
      py34-none-manylinux_2_27_x86_64
      py34-none-manylinux_2_26_x86_64
      py34-none-manylinux_2_25_x86_64
      py34-none-manylinux_2_24_x86_64
      py34-none-manylinux_2_23_x86_64
      py34-none-manylinux_2_22_x86_64
      py34-none-manylinux_2_21_x86_64
      py34-none-manylinux_2_20_x86_64
      py34-none-manylinux_2_19_x86_64
      py34-none-manylinux_2_18_x86_64
      py34-none-manylinux_2_17_x86_64
      py34-none-manylinux2014_x86_64
      py34-none-manylinux_2_16_x86_64
      py34-none-manylinux_2_15_x86_64
      py34-none-manylinux_2_14_x86_64
      py34-none-manylinux_2_13_x86_64
      py34-none-manylinux_2_12_x86_64
      py34-none-manylinux2010_x86_64
      py34-none-manylinux_2_11_x86_64
      py34-none-manylinux_2_10_x86_64
      py34-none-manylinux_2_9_x86_64
      py34-none-manylinux_2_8_x86_64
      py34-none-manylinux_2_7_x86_64
      py34-none-manylinux_2_6_x86_64
      py34-none-manylinux_2_5_x86_64
      py34-none-manylinux1_x86_64
      py34-none-linux_x86_64
      py33-none-manylinux_2_31_x86_64
      py33-none-manylinux_2_30_x86_64
      py33-none-manylinux_2_29_x86_64
      py33-none-manylinux_2_28_x86_64
      py33-none-manylinux_2_27_x86_64
      py33-none-manylinux_2_26_x86_64
      py33-none-manylinux_2_25_x86_64
      py33-none-manylinux_2_24_x86_64
      py33-none-manylinux_2_23_x86_64
      py33-none-manylinux_2_22_x86_64
      py33-none-manylinux_2_21_x86_64
      py33-none-manylinux_2_20_x86_64
      py33-none-manylinux_2_19_x86_64
      py33-none-manylinux_2_18_x86_64
      py33-none-manylinux_2_17_x86_64
      py33-none-manylinux2014_x86_64
      py33-none-manylinux_2_16_x86_64
      py33-none-manylinux_2_15_x86_64
      py33-none-manylinux_2_14_x86_64
      py33-none-manylinux_2_13_x86_64
      py33-none-manylinux_2_12_x86_64
      py33-none-manylinux2010_x86_64
      py33-none-manylinux_2_11_x86_64
      py33-none-manylinux_2_10_x86_64
      py33-none-manylinux_2_9_x86_64
      py33-none-manylinux_2_8_x86_64
      py33-none-manylinux_2_7_x86_64
      py33-none-manylinux_2_6_x86_64
      py33-none-manylinux_2_5_x86_64
      py33-none-manylinux1_x86_64
      py33-none-linux_x86_64
      py32-none-manylinux_2_31_x86_64
      py32-none-manylinux_2_30_x86_64
      py32-none-manylinux_2_29_x86_64
      py32-none-manylinux_2_28_x86_64
      py32-none-manylinux_2_27_x86_64
      py32-none-manylinux_2_26_x86_64
      py32-none-manylinux_2_25_x86_64
      py32-none-manylinux_2_24_x86_64
      py32-none-manylinux_2_23_x86_64
      py32-none-manylinux_2_22_x86_64
      py32-none-manylinux_2_21_x86_64
      py32-none-manylinux_2_20_x86_64
      py32-none-manylinux_2_19_x86_64
      py32-none-manylinux_2_18_x86_64
      py32-none-manylinux_2_17_x86_64
      py32-none-manylinux2014_x86_64
      py32-none-manylinux_2_16_x86_64
      py32-none-manylinux_2_15_x86_64
      py32-none-manylinux_2_14_x86_64
      py32-none-manylinux_2_13_x86_64
      py32-none-manylinux_2_12_x86_64
      py32-none-manylinux2010_x86_64
      py32-none-manylinux_2_11_x86_64
      py32-none-manylinux_2_10_x86_64
      py32-none-manylinux_2_9_x86_64
      py32-none-manylinux_2_8_x86_64
      py32-none-manylinux_2_7_x86_64
      py32-none-manylinux_2_6_x86_64
      py32-none-manylinux_2_5_x86_64
      py32-none-manylinux1_x86_64
      py32-none-linux_x86_64
      py31-none-manylinux_2_31_x86_64
      py31-none-manylinux_2_30_x86_64
      py31-none-manylinux_2_29_x86_64
      py31-none-manylinux_2_28_x86_64
      py31-none-manylinux_2_27_x86_64
      py31-none-manylinux_2_26_x86_64
      py31-none-manylinux_2_25_x86_64
      py31-none-manylinux_2_24_x86_64
      py31-none-manylinux_2_23_x86_64
      py31-none-manylinux_2_22_x86_64
      py31-none-manylinux_2_21_x86_64
      py31-none-manylinux_2_20_x86_64
      py31-none-manylinux_2_19_x86_64
      py31-none-manylinux_2_18_x86_64
      py31-none-manylinux_2_17_x86_64
      py31-none-manylinux2014_x86_64
      py31-none-manylinux_2_16_x86_64
      py31-none-manylinux_2_15_x86_64
      py31-none-manylinux_2_14_x86_64
      py31-none-manylinux_2_13_x86_64
      py31-none-manylinux_2_12_x86_64
      py31-none-manylinux2010_x86_64
      py31-none-manylinux_2_11_x86_64
      py31-none-manylinux_2_10_x86_64
      py31-none-manylinux_2_9_x86_64
      py31-none-manylinux_2_8_x86_64
      py31-none-manylinux_2_7_x86_64
      py31-none-manylinux_2_6_x86_64
      py31-none-manylinux_2_5_x86_64
      py31-none-manylinux1_x86_64
      py31-none-linux_x86_64
      py30-none-manylinux_2_31_x86_64
      py30-none-manylinux_2_30_x86_64
      py30-none-manylinux_2_29_x86_64
      py30-none-manylinux_2_28_x86_64
      py30-none-manylinux_2_27_x86_64
      py30-none-manylinux_2_26_x86_64
      py30-none-manylinux_2_25_x86_64
      py30-none-manylinux_2_24_x86_64
      py30-none-manylinux_2_23_x86_64
      py30-none-manylinux_2_22_x86_64
      py30-none-manylinux_2_21_x86_64
      py30-none-manylinux_2_20_x86_64
      py30-none-manylinux_2_19_x86_64
      py30-none-manylinux_2_18_x86_64
      py30-none-manylinux_2_17_x86_64
      py30-none-manylinux2014_x86_64
      py30-none-manylinux_2_16_x86_64
      py30-none-manylinux_2_15_x86_64
      py30-none-manylinux_2_14_x86_64
      py30-none-manylinux_2_13_x86_64
      py30-none-manylinux_2_12_x86_64
      py30-none-manylinux2010_x86_64
      py30-none-manylinux_2_11_x86_64
      py30-none-manylinux_2_10_x86_64
      py30-none-manylinux_2_9_x86_64
      py30-none-manylinux_2_8_x86_64
      py30-none-manylinux_2_7_x86_64
      py30-none-manylinux_2_6_x86_64
      py30-none-manylinux_2_5_x86_64
      py30-none-manylinux1_x86_64
      py30-none-linux_x86_64
      cp311-none-any
      py311-none-any
      py3-none-any
      py310-none-any
      py39-none-any
      py38-none-any
      py37-none-any
      py36-none-any
      py35-none-any
      py34-none-any
      py33-none-any
      py32-none-any
      py31-none-any
      py30-none-any
      

